// Jest Snapshot v1, https://goo.gl/fbAQLP

exports[`Search with basic theme applied OldSearch renders correctly 1`] = `
<View
  style={
    Array [
      Object {
        "backgroundColor": "#393e42",
        "borderBottomColor": "#000",
        "borderBottomWidth": 1,
        "borderTopColor": "#000",
        "borderTopWidth": 1,
      },
      false,
      undefined,
    ]
  }
>
  <TextInput
    allowFontScaling={true}
    placeholderTextColor="#86939e"
    style={
      Array [
        Object {
          "backgroundColor": "#303337",
          "borderRadius": 3,
          "color": "#86939e",
          "fontSize": 17.5,
          "height": 30,
          "margin": 8,
          "overflow": "hidden",
          "paddingLeft": 26,
          "paddingRight": 19,
        },
        false,
        false,
        false,
        undefined,
        undefined,
        false,
      ]
    }
    underlineColorAndroid="transparent"
  />
  <Text
    accessible={true}
    allowFontScaling={false}
    ellipsizeMode="tail"
    style={
      Array [
        Object {
          "color": "#86939e",
          "fontSize": 16,
        },
        Array [
          Object {
            "backgroundColor": "transparent",
            "position": "absolute",
            "top": 15.5,
          },
          Object {
            "left": 16,
          },
          undefined,
        ],
        Object {
          "fontFamily": "Material Icons",
          "fontStyle": "normal",
          "fontWeight": "normal",
        },
      ]
    }
  >
    î¢¶
  </Text>
</View>
`;

exports[`Search with basic theme applied Search renders correctly 1`] = `
<View
  style={
    Array [
      Object {
        "backgroundColor": "#393e42",
        "borderBottomColor": "#000",
        "borderBottomWidth": 1,
        "borderTopColor": "#000",
        "borderTopWidth": 1,
      },
      false,
      Object {
        "backgroundColor": "red",
      },
    ]
  }
>
  <TextInput
    allowFontScaling={true}
    placeholderTextColor="#86939e"
    style={
      Array [
        Object {
          "backgroundColor": "#303337",
          "borderRadius": 3,
          "color": "#86939e",
          "fontSize": 17.5,
          "height": 30,
          "margin": 8,
          "overflow": "hidden",
          "paddingLeft": 26,
          "paddingRight": 19,
        },
        false,
        false,
        false,
        undefined,
        undefined,
        false,
      ]
    }
    underlineColorAndroid="transparent"
  />
  <Text
    accessible={true}
    allowFontScaling={false}
    ellipsizeMode="tail"
    style={
      Array [
        Object {
          "color": "#86939e",
          "fontSize": 16,
        },
        Array [
          Object {
            "backgroundColor": "transparent",
            "position": "absolute",
            "top": 15.5,
          },
          Object {
            "left": 16,
          },
          undefined,
        ],
        Object {
          "fontFamily": "Material Icons",
          "fontStyle": "normal",
          "fontWeight": "normal",
        },
      ]
    }
  >
    î¢¶
  </Text>
</View>
`;

exports[`Search with no theme applied OldSearch and Search returns the same thing if no theme is applied 1`] = `"[2mCompared values have no visual difference.[22m"`;

exports[`Search with no theme applied OldSearch renders correctly 1`] = `
<View
  style={
    Array [
      Object {
        "backgroundColor": "#393e42",
        "borderBottomColor": "#000",
        "borderBottomWidth": 1,
        "borderTopColor": "#000",
        "borderTopWidth": 1,
      },
      false,
      undefined,
    ]
  }
>
  <TextInput
    allowFontScaling={true}
    placeholderTextColor="#86939e"
    style={
      Array [
        Object {
          "backgroundColor": "#303337",
          "borderRadius": 3,
          "color": "#86939e",
          "fontSize": 17.5,
          "height": 30,
          "margin": 8,
          "overflow": "hidden",
          "paddingLeft": 26,
          "paddingRight": 19,
        },
        false,
        false,
        false,
        undefined,
        undefined,
        false,
      ]
    }
    underlineColorAndroid="transparent"
  />
  <Text
    accessible={true}
    allowFontScaling={false}
    ellipsizeMode="tail"
    style={
      Array [
        Object {
          "color": "#86939e",
          "fontSize": 16,
        },
        Array [
          Object {
            "backgroundColor": "transparent",
            "position": "absolute",
            "top": 15.5,
          },
          Object {
            "left": 16,
          },
          undefined,
        ],
        Object {
          "fontFamily": "Material Icons",
          "fontStyle": "normal",
          "fontWeight": "normal",
        },
      ]
    }
  >
    î¢¶
  </Text>
</View>
`;

exports[`Search with no theme applied Search renders correctly 1`] = `
<View
  style={
    Array [
      Object {
        "backgroundColor": "#393e42",
        "borderBottomColor": "#000",
        "borderBottomWidth": 1,
        "borderTopColor": "#000",
        "borderTopWidth": 1,
      },
      false,
      undefined,
    ]
  }
>
  <TextInput
    allowFontScaling={true}
    placeholderTextColor="#86939e"
    style={
      Array [
        Object {
          "backgroundColor": "#303337",
          "borderRadius": 3,
          "color": "#86939e",
          "fontSize": 17.5,
          "height": 30,
          "margin": 8,
          "overflow": "hidden",
          "paddingLeft": 26,
          "paddingRight": 19,
        },
        false,
        false,
        false,
        undefined,
        undefined,
        false,
      ]
    }
    underlineColorAndroid="transparent"
  />
  <Text
    accessible={true}
    allowFontScaling={false}
    ellipsizeMode="tail"
    style={
      Array [
        Object {
          "color": "#86939e",
          "fontSize": 16,
        },
        Array [
          Object {
            "backgroundColor": "transparent",
            "position": "absolute",
            "top": 15.5,
          },
          Object {
            "left": 16,
          },
          undefined,
        ],
        Object {
          "fontFamily": "Material Icons",
          "fontStyle": "normal",
          "fontWeight": "normal",
        },
      ]
    }
  >
    î¢¶
  </Text>
</View>
`;
